ASxxxx Linker V03.00 + NoICE + sdld,  page 1.
Hexadecimal  [32-Bits]

Area                       Addr        Size        Decimal Bytes (Attributes)
--------------------       ----        ----        ------- ----- ------------
.  .ABS.               00000000    00000000 =           0. bytes (ABS,CON)

        Value  Global            Value  Global            Value  Global    
        -----  ------            -----  ------            -----  ------    
     00000000  .__.ABS.  |    00000000  _IOR      |    00000000  l_ISEG   
     00000000  l_ISEGR   |    00000000  l_XISEG   |    00000000  l_XSEG   
     00000000  l__CODE   |    00000000  l_ms322sf |    00000000  s_STARTUP
     00000000  s_ms322sf |    00000001  _IODIR    |    00000001  l_SSEG   
     00000002  _IO       |    00000003  _IOWK     |    00000004  _IOWKDR  
     00000004  l_shareba |    00000005  _TIMERC   |    00000006  _THRLD   
     00000007  _RAMP0    |    00000007  _RAMP0L   |    00000007  _RAMP0LH 
     00000007  _RAMP0UW  |    00000008  _RAMP0H   |    00000009  _RAMP1   
     00000009  _RAMP1L   |    00000009  _RAMP1LH  |    00000009  _RAMP1UW 
     0000000A  _RAMP1H   |    0000000B  _PTRCL    |    0000000C  _PTRCH   
     0000000D  _ROMP     |    0000000D  _ROMPL    |    0000000D  _ROMPLH  
     0000000D  _ROMPUW   |    0000000E  _ROMPH    |    0000000F  _BEEPC   
     00000010  _ULAWC    |    00000011  _STACKL   |    00000012  _STACKH  
     00000013  _ADCON    |    00000014  _DACON    |    00000015  _SYSC    
     00000016  _SPIM     |    00000016  _SPIMH    |    00000017  _SPIH    
     00000018  _SPIOP    |    00000019  _SPI_BANK |    0000001A  _ADP_IND 
     0000001B  _ADP_VPL  |    0000001B  _ADP_VPLH |    0000001C  _ADP_VPH 
     0000001D  _ADL      |    0000001E  _ADH      |    0000001F  _ZC      
     00000020  _ADCG     |    00000021  _DAC_PL   |    00000022  _DAC_PH  
     00000023  _PAG      |    00000024  _DMAHL    |    00000024  _DMAL    
     00000025  _DMAH     |    00000026  _SPIL     |    00000027  _IOMASK  
     00000028  _IOCMP    |    00000029  _IOCNT    |    0000002B  _LVDCON  
     0000002C  _LVRCON   |    0000002D  _OFFSETL  |    0000002D  _OFFSETLH
     0000002E  _OFFSETH  |    0000002F  _RCCON    |    00000030  _BGCON   
     00000031  _CRYPT    |    00000031  _PWRHL    |    00000031  _PWRL    
     00000032  _PWRH     |    00000033  _IROMDL   |    00000033  _IROMDLH 
     00000034  _IROMDH   |    00000035  _RECMUTE  |    00000035  l_DSEG   
     00000036  _FILTERG  |    00000037  _SPKC     |    00000038  _DCLAMP  
     00000039  _SSPIC    |    0000003A  _SSPIL    |    0000003B  _SSPIM   
     0000003C  _SSPIH    |    00000041  _ICE0     |    00000042  _ICE1    
     00000043  _ICE2     |    00000044  _ICE3     |    00000045  _ICE4    
     000000C0  _TOV      |    00000102  _RAMP0INC |    00000103  _RAMP1INC
     00000103  _RAMP1INC |    00000105  _ROMPINC  |    00000105  _ROMPINC2
     00000106  _ACC      |    00000204  l_SEGC    |    000003DD  l_STARTUP
     000003DD  s_CSEG    |    000005C0  l_CSEG    |    0000099D  s_SEGC   
     00008000  s__CODE   |    00008000  s_shareba |    00008004  s_DSEG   
     00008039  s_ISEG    |    00008039  s_SSEG    |    00008039  s_XISEG  
     00008039  s_XSEG    |    0000803A  s_ISEGR  
ASxxxx Linker V03.00 + NoICE + sdld,  page 2.
Hexadecimal  [32-Bits]

Area                       Addr        Size        Decimal Bytes (Attributes)
--------------------       ----        ----        ------- ----- ------------
sharebank              00008000    00000004 =           4. bytes (REL,OVR)

        Value  Global            Value  Global            Value  Global    
        -----  ------            -----  ------            -----  ------    
     00008000  _init_io_ |    00008001  STK02     |    00008002  STK01    
     00008003  STK00    
ASxxxx Linker V03.00 + NoICE + sdld,  page 3.
Hexadecimal  [32-Bits]

Area                       Addr        Size        Decimal Bytes (Attributes)
--------------------       ----        ----        ------- ----- ------------
DSEG                   00008004    00000035 =          53. bytes (REL,CON)

        Value  Global            Value  Global            Value  Global    
        -----  ------            -----  ------            -----  ------    
     00008004  _key_stat |    00008005  _sys_stat |    00008006  _last_str
     00008007  _key_code |    00008008  _key_time |    00008009  _beep_tim
     0000800A  _rec_stag |    0000800B  _sleep_ti |    0000800C  _oldindex
     00008010  _oldpredi |    00008018  _oldpwr   |    00008020  _rindex  
     00008021  _newpwr   |    00008023  _pwravg   |    00008025  _the_pred
     00008027  _the_inde |    00008028  _new_end_ |    0000802A  _the_stat
     0000802D  _playing_ |    0000802E  _api_ramp |    0000802F  _api_endp
     00008031  _api_ulaw |    00008032  _api_targ |    00008033  _api_spi_
ASxxxx Linker V03.00 + NoICE + sdld,  page 4.
Hexadecimal  [32-Bits]

Area                       Addr        Size        Decimal Bytes (Attributes)
--------------------       ----        ----        ------- ----- ------------
SSEG                   00008039    00000001 =           1. bytes (REL,OVR)

        Value  Global            Value  Global            Value  Global    
        -----  ------            -----  ------            -----  ------    
     00008039  __PARA_ST
ASxxxx Linker V03.00 + NoICE + sdld,  page 5.
Hexadecimal  [32-Bits]

Area                       Addr        Size        Decimal Bytes (Attributes)
--------------------       ----        ----        ------- ----- ------------
STARTUP_CSEG           00000000    000003DD =         989. bytes (REL,CON,CODE,ROM)

        Value  Global            Value  Global            Value  Global    
        -----  ------            -----  ------            -----  ------    
     00000000  A$demoamp |    00000002  A$demoamp |    00000002  _main    
     00000004  A$demoamp |    00000006  A$demoamp |    00000008  A$demoamp
     0000000A  A$demoamp |    0000000C  A$demoamp |    0000000E  A$demoamp
     00000010  A$demoamp |    00000012  A$demoamp |    00000014  A$demoamp
     00000016  A$demoamp |    00000018  A$demoamp |    0000001A  A$demoamp
     0000001B  A$demoamp |    0000001D  A$demoamp |    0000001F  A$demoamp
     00000021  A$demoamp |    00000022  A$demoamp |    00000024  A$demoamp
     00000026  A$demoamp |    00000028  A$demoamp |    0000002A  A$demoamp
     0000002C  A$demoamp |    0000002E  A$demoamp |    00000030  A$demoamp
     00000032  A$demoamp |    00000034  A$demoamp |    00000036  A$demoamp
     00000038  A$demoamp |    0000003A  A$demoamp |    0000003C  A$demoamp
     0000003E  A$demoamp |    00000040  A$demoamp |    00000042  A$demoamp
     00000044  A$demoamp |    00000046  A$demoamp |    00000048  A$demoamp
     0000004A  A$demoamp |    0000004C  A$demoamp |    0000004E  A$demoamp
     0000004F  A$demoamp |    00000051  A$demoamp |    00000053  A$demoamp
     00000055  A$demoamp |    00000057  A$demoamp |    00000058  A$demoamp
     0000005A  A$demoamp |    0000005B  A$demoamp |    0000005D  A$demoamp
     0000005F  A$demoamp |    00000060  A$demoamp |    00000062  A$demoamp
     00000064  A$demoamp |    00000065  A$demoamp |    00000067  A$demoamp
     00000069  A$demoamp |    0000006B  A$demoamp |    0000006D  A$demoamp
     0000006F  A$demoamp |    00000070  A$demoamp |    00000072  A$demoamp
     00000074  A$demoamp |    00000076  A$demoamp |    00000077  A$demoamp
     00000079  A$demoamp |    0000007B  A$demoamp |    0000007D  A$demoamp
     0000007E  A$demoamp |    00000080  A$demoamp |    00000082  A$demoamp
     00000084  A$demoamp |    00000085  A$demoamp |    00000087  A$demoamp
     00000089  A$demoamp |    0000008B  A$demoamp |    0000008D  A$demoamp
     0000008E  A$demoamp |    00000090  A$demoamp |    00000091  A$demoamp
     00000092  A$demoamp |    00000094  A$demoamp |    00000096  A$demoamp
     00000098  A$demoamp |    00000099  A$demoamp |    0000009B  A$demoamp
     0000009D  A$demoamp |    0000009F  A$demoamp |    000000A1  A$demoamp
     000000A3  A$demoamp |    000000A4  A$demoamp |    000000A5  A$demoamp
     000000A7  A$demoamp |    000000A9  A$demoamp |    000000AB  A$demoamp
     000000AC  A$demoamp |    000000AE  A$demoamp |    000000B0  A$demoamp
     000000B2  A$demoamp |    000000B3  A$demoamp |    000000B5  A$demoamp
     000000B7  A$demoamp |    000000B9  A$demoamp |    000000BB  A$demoamp
     000000BD  A$demoamp |    000000BF  A$demoamp |    000000C1  A$demoamp
     000000C3  A$demoamp |    000000C5  A$demoamp |    000000C7  A$demoamp
     000000C9  A$demoamp |    000000CB  A$demoamp |    000000CD  A$demoamp
     000000CF  A$demoamp |    000000D1  A$demoamp |    000000D3  A$demoamp
     000000D5  A$demoamp |    000000D7  A$demoamp |    000000D9  A$demoamp
     000000DB  A$demoamp |    000000DD  A$demoamp |    000000DF  A$demoamp
     000000E0  A$demoamp |    000000E1  A$demoamp |    000000E2  A$demoamp
     000000E3  A$demoamp |    000000E5  A$demoamp |    000000E7  A$demoamp
     000000E8  A$demoamp |    000000E9  A$demoamp |    000000EA  A$demoamp
     000000EC  A$demoamp |    000000ED  A$demoamp |    000000EF  A$demoamp
     000000F0  A$demoamp |    000000F2  A$demoamp |    000000F4  A$demoamp
     000000F6  A$demoamp |    000000F6  _sys_amp  |    000000F8  A$demoamp
     000000FA  A$demoamp |    000000FC  A$demoamp |    000000FE  A$demoamp
     00000100  A$demoamp |    00000102  A$demoamp |    00000104  A$demoamp
     00000106  A$demoamp |    00000108  A$demoamp |    0000010A  A$demoamp
ASxxxx Linker V03.00 + NoICE + sdld,  page 6.
Hexadecimal  [32-Bits]

Area                       Addr        Size        Decimal Bytes (Attributes)
--------------------       ----        ----        ------- ----- ------------
STARTUP_CSEG           00000000    000003DD =         989. bytes (REL,CON,CODE,ROM)

        Value  Global            Value  Global            Value  Global    
        -----  ------            -----  ------            -----  ------    
     0000010C  A$demoamp |    0000010E  A$demoamp |    0000010F  A$demoamp
     00000110  A$demoamp |    00000112  A$demoamp |    00000114  A$demoamp
     00000116  A$demoamp |    00000118  A$demoamp |    0000011A  A$demoamp
     0000011C  A$demoamp |    0000011E  A$demoamp |    0000011F  A$demoamp
     00000120  A$demoamp |    00000121  A$demoamp |    00000122  A$demoamp
     00000124  A$demoamp |    00000126  A$demoamp |    00000127  A$demoamp
     00000128  A$demoamp |    00000129  A$demoamp |    0000012B  A$demoamp
     0000012C  A$demoamp |    0000012E  A$demoamp |    0000012E  _enter_am
     00000130  A$demoamp |    00000131  A$demoamp |    00000133  A$demoamp
     00000134  A$demoamp |    00000136  A$demoamp |    00000138  A$demoamp
     00000139  A$demoamp |    0000013B  A$demoamp |    0000013C  A$demoamp
     0000013E  A$demoamp |    0000013F  A$demoamp |    00000140  A$demoamp
     00000141  A$demoamp |    00000143  A$demoamp |    00000144  A$demoamp
     00000146  A$demoamp |    00000147  A$demoamp |    00000149  A$demoamp
     0000014A  A$demoamp |    0000014C  A$demoamp |    0000014D  A$demoamp
     0000014F  A$demoamp |    00000151  A$demoamp |    00000153  A$demoamp
     00000154  A$demoamp |    00000156  A$demoamp |    00000158  A$demoamp
     0000015A  A$demoamp |    0000015B  A$demoamp |    0000015B  _simple_s
     0000015D  A$demoamp |    0000015E  A$demoamp |    0000015F  A$demoamp
     00000161  A$demoamp |    00000163  A$demoamp |    00000164  A$demoamp
     00000166  A$demoamp |    00000168  A$demoamp |    00000169  A$demoamp
     0000016B  A$demoamp |    0000016C  A$demoamp |    0000016D  A$demoamp
     0000016F  A$demoamp |    00000171  A$demoamp |    00000173  A$demoamp
     00000174  A$demoamp |    00000176  A$demoamp |    00000178  A$demoamp
     0000017A  A$demoamp |    0000017B  A$demoamp |    0000017D  A$demoamp
     0000017F  A$demoamp |    00000181  A$demoamp |    00000182  A$demoamp
     00000184  A$demoamp |    00000185  A$demoamp |    00000187  A$demoamp
     00000188  A$demoamp |    0000018A  A$demoamp |    0000018C  A$demoamp
     0000018D  A$demoamp |    0000018E  A$demoamp |    00000190  A$demoamp
     00000191  A$demoamp |    00000193  A$demoamp |    00000194  A$demoamp
     00000195  A$demoamp |    00000196  A$demoamp |    00000198  A$demoamp
     00000199  A$demoamp |    0000019B  A$demoamp |    0000019C  A$demoamp
     0000019D  A$demoamp |    0000019E  A$demoamp |    0000019F  A$demoamp
     000001A1  A$demoamp |    000001A3  A$demoamp |    000001A5  A$demoamp
     000001A7  A$demoamp |    000001A9  A$demoamp |    000001AB  A$demoamp
     000001AC  A$demoamp |    000001AE  A$demoamp |    000001B0  A$demoamp
     000001B2  A$demoamp |    000001B4  A$demoamp |    000001B6  A$demoamp
     000001B8  A$demoamp |    000001BA  A$demoamp |    000001BC  A$demoamp
     000001BD  A$demoamp |    000001BF  A$demoamp |    000001C1  A$demoamp
     000001C3  A$demoamp |    000001C4  A$demoamp |    000001C6  A$demoamp
     000001C8  A$demoamp |    000001CA  A$demoamp |    000001CB  A$demoamp
     000001CD  A$demoamp |    000001CF  A$demoamp |    000001D0  A$demoamp
     000001D0  _sys_play |    000001D2  A$demoamp |    000001D4  A$demoamp
     000001D6  A$demoamp |    000001D8  A$demoamp |    000001DA  A$demoamp
     000001DC  A$demoamp |    000001DE  A$demoamp |    000001DF  A$demoamp
     000001E1  A$demoamp |    000001E3  A$demoamp |    000001E5  A$demoamp
     000001E7  A$demoamp |    000001E9  A$demoamp |    000001EA  A$demoamp
     000001EB  A$demoamp |    000001EC  A$demoamp |    000001EE  A$demoamp
     000001EF  A$demoamp |    000001F1  A$demoamp |    000001F2  A$demoamp
     000001F3  A$demoamp |    000001F4  A$demoamp |    000001F5  A$demoamp
     000001F7  A$demoamp |    000001F7  _enter_id |    000001F9  A$demoamp
ASxxxx Linker V03.00 + NoICE + sdld,  page 7.
Hexadecimal  [32-Bits]

Area                       Addr        Size        Decimal Bytes (Attributes)
--------------------       ----        ----        ------- ----- ------------
STARTUP_CSEG           00000000    000003DD =         989. bytes (REL,CON,CODE,ROM)

        Value  Global            Value  Global            Value  Global    
        -----  ------            -----  ------            -----  ------    
     000001FB  A$demoamp |    000001FD  A$demoamp |    000001FF  A$demoamp
     00000200  A$demoamp |    00000202  A$demoamp |    00000204  A$demoamp
     00000206  A$demoamp |    00000208  A$demoamp |    0000020A  A$demoamp
     0000020C  A$demoamp |    0000020D  A$demoamp |    0000020F  A$demoamp
     00000211  A$demoamp |    00000213  A$demoamp |    00000215  A$demoamp
     00000217  A$demoamp |    00000218  A$demoamp |    00000218  _enter_re
     00000219  A$demoamp |    0000021B  A$demoamp |    0000021D  A$demoamp
     0000021F  A$demoamp |    00000221  A$demoamp |    00000222  A$demoamp
     00000223  A$demoamp |    00000225  A$demoamp |    00000226  A$demoamp
     00000228  A$demoamp |    00000229  A$demoamp |    0000022A  A$demoamp
     0000022B  A$demoamp |    0000022D  A$demoamp |    0000022F  A$demoamp
     00000231  A$demoamp |    00000233  A$demoamp |    00000235  A$demoamp
     00000237  A$demoamp |    00000239  A$demoamp |    0000023B  A$demoamp
     0000023D  A$demoamp |    0000023F  A$demoamp |    00000241  A$demoamp
     00000243  A$demoamp |    00000245  A$demoamp |    00000247  A$demoamp
     00000248  A$demoamp |    0000024A  A$demoamp |    0000024C  A$demoamp
     0000024E  A$demoamp |    00000250  A$demoamp |    00000251  A$demoamp
     00000252  A$demoamp |    00000254  A$demoamp |    00000256  A$demoamp
     00000257  A$demoamp |    00000257  _callback |    00000259  A$demoamp
     0000025B  A$demoamp |    0000025D  A$demoamp |    0000025E  A$demoamp
     0000025F  A$demoamp |    00000260  A$demoamp |    00000262  A$demoamp
     00000263  A$demoamp |    00000265  A$demoamp |    00000267  A$demoamp
     00000268  A$demoamp |    00000269  A$demoamp |    0000026A  A$demoamp
     0000026B  A$demoamp |    0000026D  A$demoamp |    0000026E  A$demoamp
     00000270  A$demoamp |    00000272  A$demoamp |    00000274  A$demoamp
     00000276  A$demoamp |    00000278  A$demoamp |    0000027A  A$demoamp
     0000027B  A$demoamp |    0000027C  A$demoamp |    0000027D  A$demoamp
     0000027D  _wait_bee |    0000027F  A$demoamp |    00000280  A$demoamp
     00000281  A$demoamp |    00000283  A$demoamp |    00000285  A$demoamp
     00000287  A$demoamp |    00000289  A$demoamp |    0000028B  A$demoamp
     0000028D  A$demoamp |    0000028F  A$demoamp |    00000290  A$demoamp
     00000291  A$demoamp |    00000292  A$demoamp |    00000293  A$demoamp
     00000295  A$demoamp |    00000297  A$demoamp |    00000298  A$demoamp
     00000299  A$demoamp |    0000029A  A$demoamp |    0000029C  A$demoamp
     0000029D  A$demoamp |    0000029F  A$demoamp |    000002A1  A$demoamp
     000002A2  A$demoamp |    000002A4  A$demoamp |    000002A5  A$demoamp
     000002A6  A$demoamp |    000002A6  _enter_pl |    000002A8  A$demoamp
     000002A9  A$demoamp |    000002AA  A$demoamp |    000002AB  A$demoamp
     000002AC  A$demoamp |    000002AD  A$demoamp |    000002AF  A$demoamp
     000002B0  A$demoamp |    000002B2  A$demoamp |    000002B3  A$demoamp
     000002B5  A$demoamp |    000002B6  A$demoamp |    000002B8  A$demoamp
     000002BA  A$demoamp |    000002BC  A$demoamp |    000002BE  A$demoamp
     000002C0  A$demoamp |    000002C1  A$demoamp |    000002C3  A$demoamp
     000002C5  A$demoamp |    000002C6  A$demoamp |    000002C8  A$demoamp
     000002CA  A$demoamp |    000002CB  A$demoamp |    000002CD  A$demoamp
     000002CF  A$demoamp |    000002D1  A$demoamp |    000002D3  A$demoamp
     000002D4  A$demoamp |    000002D5  A$demoamp |    000002D6  A$demoamp
     000002D8  A$demoamp |    000002D9  A$demoamp |    000002DB  A$demoamp
     000002DC  A$demoamp |    000002DE  A$demoamp |    000002DF  A$demoamp
     000002E0  A$demoamp |    000002E1  A$demoamp |    000002E3  A$demoamp
     000002E4  A$demoamp |    000002E5  A$demoamp |    000002E6  A$demoamp
ASxxxx Linker V03.00 + NoICE + sdld,  page 8.
Hexadecimal  [32-Bits]

Area                       Addr        Size        Decimal Bytes (Attributes)
--------------------       ----        ----        ------- ----- ------------
STARTUP_CSEG           00000000    000003DD =         989. bytes (REL,CON,CODE,ROM)

        Value  Global            Value  Global            Value  Global    
        -----  ------            -----  ------            -----  ------    
     000002E8  A$demoamp |    000002E9  A$demoamp |    000002EB  A$demoamp
     000002ED  A$demoamp |    000002EE  A$demoamp |    000002F0  A$demoamp
     000002F1  A$demoamp |    000002F3  A$demoamp |    000002F4  A$demoamp
     000002F6  A$demoamp |    000002F7  A$demoamp |    000002F9  A$demoamp
     000002FA  A$demoamp |    000002FB  A$demoamp |    000002FC  A$demoamp
     000002FE  A$demoamp |    000002FF  A$demoamp |    00000300  A$demoamp
     00000301  A$demoamp |    00000303  A$demoamp |    00000304  A$demoamp
     00000306  A$demoamp |    00000308  A$demoamp |    00000309  A$demoamp
     0000030A  A$demoamp |    0000030B  A$demoamp |    0000030D  A$demoamp
     0000030E  A$demoamp |    00000310  A$demoamp |    00000311  A$demoamp
     00000312  A$demoamp |    00000313  A$demoamp |    00000315  A$demoamp
     00000316  A$demoamp |    00000318  A$demoamp |    00000319  A$demoamp
     0000031A  A$demoamp |    0000031B  A$demoamp |    0000031D  A$demoamp
     0000031E  A$demoamp |    0000031F  A$demoamp |    00000321  A$demoamp
     00000323  A$demoamp |    00000325  A$demoamp |    00000327  A$demoamp
     00000329  A$demoamp |    0000032A  A$demoamp |    0000032C  A$demoamp
     0000032D  A$demoamp |    0000032E  A$demoamp |    00000330  A$demoamp
     00000331  A$demoamp |    00000333  A$demoamp |    00000334  A$demoamp
     00000334  _timer_ro |    00000335  A$demoamp |    00000337  A$demoamp
     00000338  A$demoamp |    0000033A  A$demoamp |    0000033C  A$demoamp
     0000033D  A$demoamp |    0000033F  A$demoamp |    00000341  A$demoamp
     00000343  A$demoamp |    00000344  A$demoamp |    00000346  A$demoamp
     00000348  A$demoamp |    00000349  A$demoamp |    00000349  _key_mach
     0000034B  A$demoamp |    0000034C  A$demoamp |    0000034D  A$demoamp
     0000034E  A$demoamp |    00000350  A$demoamp |    00000351  A$demoamp
     00000352  A$demoamp |    00000354  A$demoamp |    00000356  A$demoamp
     00000358  A$demoamp |    0000035A  A$demoamp |    0000035C  A$demoamp
     0000035D  A$demoamp |    0000035F  A$demoamp |    00000361  A$demoamp
     00000362  A$demoamp |    00000364  A$demoamp |    00000366  A$demoamp
     00000367  A$demoamp |    00000369  A$demoamp |    0000036B  A$demoamp
     0000036D  A$demoamp |    0000036F  A$demoamp |    00000371  A$demoamp
     00000372  A$demoamp |    00000374  A$demoamp |    00000376  A$demoamp
     00000378  A$demoamp |    0000037A  A$demoamp |    0000037C  A$demoamp
     0000037E  A$demoamp |    00000380  A$demoamp |    00000382  A$demoamp
     00000383  A$demoamp |    00000385  A$demoamp |    00000386  A$demoamp
     00000388  A$demoamp |    0000038A  A$demoamp |    0000038C  A$demoamp
     0000038D  A$demoamp |    0000038F  A$demoamp |    00000391  A$demoamp
     00000393  A$demoamp |    00000395  A$demoamp |    00000397  A$demoamp
     00000399  A$demoamp |    0000039B  A$demoamp |    0000039C  A$demoamp
     0000039E  A$demoamp |    0000039F  A$demoamp |    000003A1  A$demoamp
     000003A2  A$demoamp |    000003A3  A$demoamp |    000003A5  A$demoamp
     000003A6  A$demoamp |    000003A6  _init     |    000003A8  A$demoamp
     000003AA  A$demoamp |    000003AC  A$demoamp |    000003AE  A$demoamp
     000003AF  A$demoamp |    000003B1  A$demoamp |    000003B3  A$demoamp
     000003B5  A$demoamp |    000003B6  A$demoamp |    000003B8  A$demoamp
     000003BA  A$demoamp |    000003BC  A$demoamp |    000003BE  A$demoamp
     000003BF  A$demoamp |    000003C1  A$demoamp |    000003C1  _get_key 
     000003C3  A$demoamp |    000003C5  A$demoamp |    000003C7  A$demoamp
     000003C9  A$demoamp |    000003CA  A$demoamp |    000003CC  A$demoamp
     000003CE  A$demoamp |    000003D0  A$demoamp |    000003D2  A$demoamp
     000003D3  A$demoamp |    000003D5  A$demoamp |    000003D6  A$demoamp
ASxxxx Linker V03.00 + NoICE + sdld,  page 9.
Hexadecimal  [32-Bits]

Area                       Addr        Size        Decimal Bytes (Attributes)
--------------------       ----        ----        ------- ----- ------------
STARTUP_CSEG           00000000    000003DD =         989. bytes (REL,CON,CODE,ROM)

        Value  Global            Value  Global            Value  Global    
        -----  ------            -----  ------            -----  ------    
     000003D8  A$demoamp |    000003DA  A$demoamp |    000003DB  A$demoamp
     000003DC  A$demoamp
ASxxxx Linker V03.00 + NoICE + sdld,  page 10.
Hexadecimal  [32-Bits]

Area                       Addr        Size        Decimal Bytes (Attributes)
--------------------       ----        ----        ------- ----- ------------
CSEG                   000003DD    000005C0 =        1472. bytes (REL,CON,CODE,ROM)

        Value  Global            Value  Global            Value  Global    
        -----  ------            -----  ------            -----  ------    
     000003DD  A$api_amp |    000003DD  _api_amp_ |    000003DE  A$api_amp
     000003E0  A$api_amp |    000003E2  A$api_amp |    000003E3  A$api_amp
     000003E3  _api_amp_ |    000003E5  A$api_amp |    000003E7  A$api_amp
     000003E8  A$api_amp |    000003E8  _api_amp_ |    000003EA  A$api_amp
     000003EB  A$api_amp |    000003EC  A$api_amp |    000003EE  A$api_amp
     000003F0  A$api_amp |    000003F2  A$api_amp |    000003F4  A$api_amp
     000003F6  A$api_amp |    000003F8  A$api_amp |    000003FA  A$api_amp
     000003FC  A$api_amp |    000003FE  A$api_amp |    00000400  A$api_amp
     00000402  A$api_amp |    00000403  A$api_amp |    00000405  A$api_amp
     00000407  A$api_amp |    00000409  A$api_amp |    0000040B  A$api_amp
     0000040D  A$api_amp |    0000040F  A$api_amp |    00000411  A$api_amp
     00000413  A$api_amp |    00000415  A$api_amp |    00000416  A$api_amp
     00000418  A$api_amp |    00000419  A$api_amp |    0000041B  A$api_amp
     0000041C  A$api_amp |    0000041E  A$api_amp |    00000420  A$api_amp
     00000422  A$api_amp |    00000423  A$api_amp |    00000425  A$api_amp
     00000427  A$api_amp |    00000429  A$api_amp |    0000042B  A$api_amp
     0000042D  A$api_amp |    0000042F  A$api_amp |    00000431  A$api_amp
     00000433  A$api_amp |    00000435  A$api_amp |    00000437  A$api_amp
     00000439  A$api_amp |    0000043B  A$api_amp |    0000043D  A$api_amp
     0000043F  A$api_amp |    00000441  A$api_amp |    00000443  A$api_amp
     00000445  A$api_amp |    00000447  A$api_amp |    00000449  A$api_amp
     0000044B  A$api_amp |    0000044D  A$api_amp |    0000044E  A$api_amp
     00000450  A$api_amp |    00000452  A$api_amp |    00000454  A$api_amp
     00000456  A$api_amp |    00000458  A$api_amp |    00000459  A$dc_canc
     00000459  _api_DC_c |    0000045B  A$dc_canc |    0000045C  A$dc_canc
     0000045D  A$dc_canc |    0000045F  A$dc_canc |    00000461  A$dc_canc
     00000463  A$dc_canc |    00000465  A$dc_canc |    00000467  A$dc_canc
     00000469  A$dc_canc |    0000046B  A$dc_canc |    0000046D  A$dc_canc
     0000046E  A$dc_canc |    00000470  A$dc_canc |    00000472  A$dc_canc
     00000474  A$dc_canc |    00000476  A$dc_canc |    00000478  A$dc_canc
     0000047A  A$dc_canc |    0000047C  A$dc_canc |    0000047E  A$dc_canc
     0000047F  A$dc_canc |    00000480  A$dc_canc |    00000481  A$dc_canc
     00000482  A$dc_canc |    00000484  A$dc_canc |    00000486  A$dc_canc
     00000488  A$dc_canc |    0000048A  A$dc_canc |    0000048C  A$dc_canc
     0000048E  A$dc_canc |    00000490  A$dc_canc |    00000492  A$dc_canc
     00000494  A$dc_canc |    00000496  A$dc_canc |    00000498  A$dc_canc
     0000049A  A$dc_canc |    0000049C  A$dc_canc |    0000049E  A$dc_canc
     000004A0  A$dc_canc |    000004A2  A$dc_canc |    000004A3  A$dc_canc
     000004A5  A$dc_canc |    000004A7  A$dc_canc |    000004A9  A$dc_canc
     000004AA  A$dc_canc |    000004AC  A$dc_canc |    000004AE  A$dc_canc
     000004B0  A$dc_canc |    000004B2  A$dc_canc |    000004B3  A$dc_canc
     000004B4  A$dc_canc |    000004B5  A$dc_canc |    000004B7  A$dc_canc
     000004B9  A$dc_canc |    000004BB  A$dc_canc |    000004BD  A$dc_canc
     000004BF  A$dc_canc |    000004C1  A$dc_canc |    000004C3  A$dc_canc
     000004C5  A$dc_canc |    000004C6  A$dc_canc |    000004C8  A$dc_canc
     000004CA  A$dc_canc |    000004CC  A$dc_canc |    000004CD  A$dc_canc
     000004CE  A$dc_canc |    000004D0  A$dc_canc |    000004D2  A$dc_canc
     000004D4  A$dc_canc |    000004D5  A$dc_canc |    000004D7  A$dc_canc
     000004D8  A$dc_canc |    000004DA  A$dc_canc |    000004DB  A$dc_canc
     000004DD  A$dc_canc |    000004DF  A$dc_canc |    000004E1  A$dc_canc
ASxxxx Linker V03.00 + NoICE + sdld,  page 11.
Hexadecimal  [32-Bits]

Area                       Addr        Size        Decimal Bytes (Attributes)
--------------------       ----        ----        ------- ----- ------------
CSEG                   000003DD    000005C0 =        1472. bytes (REL,CON,CODE,ROM)

        Value  Global            Value  Global            Value  Global    
        -----  ------            -----  ------            -----  ------    
     000004E3  A$dc_canc |    000004E5  A$dc_canc |    000004E7  A$dc_canc
     000004E9  A$dc_canc |    000004EB  A$dc_canc |    000004EC  A$dc_canc
     000004EE  A$dc_canc |    000004F0  A$dc_canc |    000004F1  A$dc_canc
     000004F2  A$dc_canc |    000004F3  A$dc_canc |    000004F5  A$dc_canc
     000004F6  A$dc_canc |    000004F8  A$dc_canc |    000004FA  A$dc_canc
     000004FC  A$dc_canc |    000004FE  A$dc_canc |    00000500  A$dc_canc
     00000502  A$dc_canc |    00000504  A$dc_canc |    00000506  A$dc_canc
     00000508  A$dc_canc |    0000050A  A$dc_canc |    0000050C  A$dc_canc
     0000050E  A$dc_canc |    00000510  A$dc_canc |    00000512  A$dc_canc
     00000514  A$dc_canc |    00000516  A$dc_canc |    00000518  A$dc_canc
     0000051A  A$dc_canc |    0000051C  A$dc_canc |    0000051E  A$dc_canc
     00000520  A$dc_canc |    00000522  A$dc_canc |    00000524  A$dc_canc
     00000526  A$dc_canc |    00000528  A$dc_canc |    00000529  A$dc_canc
     0000052B  A$dc_canc |    0000052C  A$dc_canc |    0000052D  A$dc_canc
     0000052E  A$dc_canc |    00000530  A$dc_canc |    00000531  A$_ms311_
     00000531  __ms311_c |    00000533  A$_ms311_ |    00000535  A$_ms311_
     00000537  A$_ms311_ |    00000539  A$_ms311_ |    0000053A  A$_ms311_
     0000053C  A$_ms311_ |    0000053E  A$_ms311_ |    00000540  A$_ms311_
     00000542  A$_ms311_ |    00000543  A$_ms311_ |    00000544  A$_ms311_
     00000545  A$_ms311_ |    00000546  A$_ms311_ |    00000547  A$_ms311_
     00000548  A$_ms311_ |    00000549  A$_ms311_ |    0000054A  A$_ms311_
     0000054C  A$_ms311_ |    0000054E  A$_ms311_ |    00000550  A$_ms311_
     00000551  A$_ms311_ |    00000553  A$_ms311_ |    00000555  A$_ms311_
     00000557  A$_ms311_ |    00000559  A$_ms311_ |    0000055B  A$_ms311_
     0000055D  A$_ms311_ |    0000055F  A$_ms311_ |    00000561  A$_ms311_
     00000563  A$_ms311_ |    00000565  A$_ms311_ |    00000567  A$_ms311_
     00000569  A$_ms311_ |    0000056B  A$_ms311_ |    0000056D  A$_ms311_
     0000056E  A$_ms311_ |    0000056F  A$_ms311_ |    00000571  A$_ms311_
     00000572  A$_ms311_ |    00000574  A$_ms311_ |    00000576  A$_ms311_
     00000578  A$_ms311_ |    0000057A  A$_ms311_ |    0000057C  A$_ms311_
     0000057E  A$_ms311_ |    00000580  A$_ms311_ |    00000582  A$_ms311_
     00000584  A$_ms311_ |    00000586  A$api_pla |    00000586  _api_play
     00000588  A$api_pla |    00000589  A$api_pla |    0000058A  A$api_pla
     0000058B  A$api_pla |    0000058D  A$api_pla |    0000058F  A$api_pla
     00000591  A$api_pla |    00000593  A$api_pla |    00000595  A$api_pla
     00000597  A$api_pla |    00000599  A$api_pla |    0000059B  A$api_pla
     0000059D  A$api_pla |    0000059F  A$api_pla |    000005A1  A$api_pla
     000005A3  A$api_pla |    000005A5  A$api_pla |    000005A7  A$api_pla
     000005A9  A$api_pla |    000005AB  A$api_pla |    000005AD  A$api_pla
     000005AF  A$api_pla |    000005B0  A$api_pla |    000005B2  A$api_pla
     000005B4  A$api_pla |    000005B6  A$api_pla |    000005B7  A$api_pla
     000005B9  A$api_pla |    000005BB  A$api_pla |    000005BD  A$api_pla
     000005BF  A$api_pla |    000005C1  A$api_pla |    000005C3  A$api_pla
     000005C5  A$api_pla |    000005C7  A$api_pla |    000005C9  A$api_pla
     000005CB  A$api_pla |    000005CD  A$api_pla |    000005CF  A$api_pla
     000005D1  A$api_pla |    000005D3  A$api_pla |    000005D5  A$api_pla
     000005D7  A$api_pla |    000005D9  A$api_pla |    000005DB  A$api_pla
     000005DC  A$api_pla |    000005DE  A$api_pla |    000005E0  A$api_pla
     000005E1  A$api_pla |    000005E2  A$api_pla |    000005E4  A$api_pla
     000005E6  A$api_pla |    000005E8  A$api_pla |    000005EA  A$api_pla
     000005EC  A$api_pla |    000005ED  A$api_pla |    000005EF  A$api_pla
ASxxxx Linker V03.00 + NoICE + sdld,  page 12.
Hexadecimal  [32-Bits]

Area                       Addr        Size        Decimal Bytes (Attributes)
--------------------       ----        ----        ------- ----- ------------
CSEG                   000003DD    000005C0 =        1472. bytes (REL,CON,CODE,ROM)

        Value  Global            Value  Global            Value  Global    
        -----  ------            -----  ------            -----  ------    
     000005F1  A$api_pla |    000005F3  A$api_pla |    000005F5  A$api_pla
     000005F6  A$api_pla |    000005F8  A$api_pla |    000005FA  A$api_pla
     000005FC  A$api_pla |    000005FE  A$api_pla |    00000600  A$api_pla
     00000601  A$api_pla |    00000602  A$api_pla |    00000604  A$api_pla
     00000606  A$api_pla |    00000608  A$api_pla |    0000060A  A$api_pla
     0000060C  A$api_pla |    0000060D  A$api_pla |    0000060F  A$api_pla
     00000611  A$api_pla |    00000612  A$api_pla |    00000614  A$api_pla
     00000616  A$api_pla |    00000618  A$api_pla |    0000061A  A$api_pla
     0000061C  A$api_pla |    0000061D  A$api_pla |    0000061F  A$api_pla
     00000621  A$api_pla |    00000623  A$api_pla |    00000624  A$api_pla
     00000626  A$api_pla |    00000627  A$api_pla |    00000628  A$api_pla
     0000062A  A$api_pla |    0000062C  A$api_pla |    0000062E  A$api_pla
     00000630  A$api_pla |    00000632  A$api_pla |    00000634  A$api_pla
     00000636  A$api_pla |    00000638  A$api_pla |    0000063A  A$api_pla
     0000063C  A$api_pla |    0000063E  A$api_pla |    00000640  A$api_pla
     00000642  A$api_pla |    00000643  A$api_pla |    00000645  A$api_pla
     00000647  A$api_pla |    00000649  A$api_pla |    0000064B  A$api_pla
     0000064D  A$api_pla |    0000064F  A$api_pla |    00000651  A$api_pla
     00000653  A$api_pla |    00000655  A$api_pla |    00000656  A$api_pla
     00000657  A$api_pla |    00000659  A$api_pla |    0000065B  A$api_pla
     0000065C  A$api_pla |    0000065C  _api_play |    0000065D  A$api_pla
     0000065F  A$api_pla |    00000660  A$rec_job |    00000660  _api_rec_
     00000662  A$rec_job |    00000663  A$rec_job |    00000664  A$rec_job
     00000665  A$rec_job |    00000667  A$rec_job |    00000669  A$rec_job
     0000066B  A$rec_job |    0000066D  A$rec_job |    0000066F  A$rec_job
     00000671  A$rec_job |    00000672  A$rec_job |    00000674  A$rec_job
     00000675  A$rec_job |    00000676  A$rec_job |    00000678  A$rec_job
     0000067A  A$rec_job |    0000067C  A$rec_job |    0000067E  A$rec_job
     00000680  A$rec_job |    00000681  A$rec_job |    00000683  A$rec_job
     00000685  A$rec_job |    00000687  A$rec_job |    00000689  A$rec_job
     0000068B  A$rec_job |    0000068D  A$rec_job |    0000068F  A$rec_job
     00000691  A$rec_job |    00000693  A$rec_job |    00000694  A$rec_job
     00000696  A$rec_job |    00000698  A$rec_job |    0000069A  A$rec_job
     0000069C  A$rec_job |    0000069E  A$rec_job |    0000069F  A$rec_job
     000006A0  A$rec_job |    000006A1  A$rec_job |    000006A2  A$rec_job
     000006A4  A$rec_job |    000006A6  A$rec_job |    000006A8  A$rec_job
     000006AA  A$rec_job |    000006AC  A$rec_job |    000006AE  A$rec_job
     000006B0  A$rec_job |    000006B2  A$rec_job |    000006B4  A$rec_job
     000006B6  A$rec_job |    000006B8  A$rec_job |    000006BA  A$rec_job
     000006BC  A$rec_job |    000006BE  A$rec_job |    000006C0  A$rec_job
     000006C2  A$rec_job |    000006C4  A$rec_job |    000006C5  A$rec_job
     000006C6  A$rec_job |    000006C8  A$rec_job |    000006CA  A$rec_job
     000006CB  A$api_tim |    000006CB  _api_time |    000006CC  A$api_tim
     000006CE  A$api_tim |    000006CF  A$api_tim |    000006D0  A$api_tim
     000006D0  _api_time |    000006D2  A$api_tim |    000006D3  A$api_tim
     000006D4  A$api_tim |    000006D6  A$api_tim |    000006D8  A$api_tim
     000006DA  A$api_tim |    000006DC  A$api_tim |    000006DD  A$api_tim
     000006DF  A$api_tim |    000006E0  A$api_tim |    000006E1  A$api_amp
     000006E1  _api_amp_ |    000006E3  A$api_amp |    000006E4  A$api_amp
     000006E5  A$api_amp |    000006E7  A$api_amp |    000006E9  A$api_amp
     000006EB  A$api_amp |    000006ED  A$api_amp |    000006EF  A$api_amp
ASxxxx Linker V03.00 + NoICE + sdld,  page 13.
Hexadecimal  [32-Bits]

Area                       Addr        Size        Decimal Bytes (Attributes)
--------------------       ----        ----        ------- ----- ------------
CSEG                   000003DD    000005C0 =        1472. bytes (REL,CON,CODE,ROM)

        Value  Global            Value  Global            Value  Global    
        -----  ------            -----  ------            -----  ------    
     000006F1  A$api_amp |    000006F3  A$api_amp |    000006F5  A$api_amp
     000006F7  A$api_amp |    000006F9  A$api_amp |    000006FB  A$api_amp
     000006FD  A$api_amp |    000006FF  A$api_amp |    00000701  A$api_amp
     00000703  A$api_amp |    00000705  A$api_amp |    00000707  A$api_amp
     00000709  A$api_amp |    0000070B  A$api_amp |    0000070D  A$api_amp
     0000070E  A$api_amp |    00000710  A$api_amp |    00000711  A$api_amp
     00000712  A$api_amp |    00000712  _api_amp_ |    00000714  A$api_amp
     00000715  A$api_amp |    00000716  A$api_amp |    00000718  A$api_amp
     0000071A  A$api_amp |    0000071C  A$api_amp |    0000071E  A$api_amp
     00000720  A$api_amp |    00000722  A$api_amp |    00000724  A$api_amp
     00000726  A$api_amp |    00000727  A$api_amp |    00000729  A$api_amp
     0000072B  A$api_amp |    0000072D  A$api_amp |    0000072F  A$api_amp
     00000731  A$api_amp |    00000733  A$api_amp |    00000735  A$api_amp
     00000737  A$api_amp |    00000739  A$api_amp |    0000073B  A$api_amp
     0000073D  A$api_amp |    0000073F  A$api_amp |    00000741  A$api_amp
     00000742  A$api_amp |    00000744  A$api_amp |    00000746  A$api_amp
     00000748  A$api_amp |    0000074A  A$api_std |    0000074A  _api_ente
     0000074C  A$api_std |    0000074D  A$api_std |    0000074E  A$api_std
     00000750  A$api_std |    00000752  A$api_std |    00000754  A$api_std
     00000756  A$api_std |    00000758  A$api_std |    0000075A  A$api_std
     0000075C  A$api_std |    0000075E  A$api_std |    00000760  A$api_std
     00000762  A$api_std |    00000764  A$api_std |    00000766  A$api_std
     00000768  A$api_std |    0000076A  A$api_std |    0000076B  A$api_std
     0000076D  A$api_std |    0000076E  A$api_std |    0000076F  A$api_std
     00000770  A$api_std |    00000771  A$api_std |    00000773  A$api_std
     00000775  A$api_std |    00000776  A$_sp_dec |    00000776  __sp_dec 
     00000778  A$_sp_dec |    0000077A  A$_sp_dec |    0000077C  A$_sp_dec
     0000077E  A$_sp_dec |    00000780  A$_sp_dec |    00000782  A$_sp_dec
     00000783  A$api_set |    00000783  _api_set_ |    00000785  A$api_set
     00000786  A$api_set |    00000787  A$api_set |    00000789  A$api_set
     0000078B  A$api_set |    0000078D  A$api_set |    0000078F  A$api_set
     00000791  A$api_set |    00000793  A$api_set |    00000795  A$api_set
     00000796  A$api_set |    00000798  A$api_set |    00000799  A$api_set
     0000079A  A$api_set |    0000079B  A$api_dsl |    0000079B  _api_ente
     0000079C  A$api_dsl |    0000079E  A$api_dsl |    000007A0  A$api_dsl
     000007A2  A$api_dsl |    000007A4  A$api_dsl |    000007A5  A$api_dsl
     000007A7  A$api_dsl |    000007A9  A$api_dsl |    000007AB  A$api_dsl
     000007AC  A$api_dsl |    000007AE  A$api_dsl |    000007B0  A$api_dsl
     000007B2  A$api_dsl |    000007B3  A$api_b12 |    000007B3  _api_b12_
     000007B5  A$api_b12 |    000007B6  A$api_b12 |    000007B7  A$api_b12
     000007B9  A$api_b12 |    000007BB  A$api_b12 |    000007BC  A$api_b12
     000007BE  A$api_b12 |    000007C0  A$api_b12 |    000007C2  A$api_b12
     000007C4  A$api_b12 |    000007C6  A$api_b12 |    000007C7  A$api_b12
     000007C9  A$api_b12 |    000007CB  A$api_b12 |    000007CD  A$api_b12
     000007CF  A$api_b12 |    000007D1  A$api_b12 |    000007D3  A$api_b12
     000007D4  A$api_b12 |    000007D6  A$api_b12 |    000007D7  A$api_b12
     000007D9  A$api_b12 |    000007DA  A$api_b12 |    000007DC  A$api_b12
     000007DE  A$api_b12 |    000007DF  A$api_b12 |    000007E1  A$api_b12
     000007E2  A$api_b12 |    000007E4  A$api_b12 |    000007E6  A$api_b12
     000007E7  A$api_b12 |    000007E9  A$api_b12 |    000007EA  A$api_b12
     000007EB  A$api_b12 |    000007ED  A$api_b12 |    000007EF  A$api_b12
ASxxxx Linker V03.00 + NoICE + sdld,  page 14.
Hexadecimal  [32-Bits]

Area                       Addr        Size        Decimal Bytes (Attributes)
--------------------       ----        ----        ------- ----- ------------
CSEG                   000003DD    000005C0 =        1472. bytes (REL,CON,CODE,ROM)

        Value  Global            Value  Global            Value  Global    
        -----  ------            -----  ------            -----  ------    
     000007F1  A$api_b12 |    000007F3  A$api_b12 |    000007F5  A$api_b12
     000007F7  A$api_b12 |    000007F9  A$api_b12 |    000007FB  A$api_b12
     000007FD  A$api_b12 |    000007FF  A$api_b12 |    00000801  A$api_b12
     00000803  A$api_b12 |    00000805  A$api_b12 |    00000807  A$api_b12
     00000808  A$api_b12 |    0000080A  A$api_b12 |    0000080C  A$api_b12
     0000080E  A$api_b12 |    00000810  A$api_b12 |    00000812  A$api_b12
     00000814  A$api_b12 |    00000816  A$api_b12 |    00000818  A$api_b12
     0000081A  A$api_b12 |    0000081B  A$api_b12 |    0000081D  A$api_b12
     0000081F  A$api_b12 |    00000821  A$api_b12 |    00000823  A$api_b12
     00000825  A$api_b12 |    00000827  A$api_b12 |    00000829  A$api_b12
     0000082B  A$api_b12 |    0000082D  A$api_b12 |    0000082E  A$api_b12
     00000830  A$api_b12 |    00000832  A$api_b12 |    00000834  A$api_b12
     00000836  A$api_b12 |    00000838  A$api_b12 |    0000083A  A$api_b12
     0000083C  A$api_b12 |    0000083D  A$_sp_inc |    0000083D  __sp_inc 
     0000083F  A$_sp_inc |    00000841  A$_sp_inc |    00000843  A$_sp_inc
     00000844  A$_sp_inc |    00000846  A$_sp_inc |    00000848  A$_sp_inc
     00000849  A$ms311ap |    00000849  _api_play |    0000084B  A$ms311ap
     0000084C  A$ms311ap |    0000084D  A$ms311ap |    0000084E  A$ms311ap
     00000850  A$ms311ap |    00000852  A$ms311ap |    00000854  A$ms311ap
     00000856  A$ms311ap |    00000858  A$ms311ap |    0000085A  A$ms311ap
     0000085C  A$ms311ap |    0000085D  A$ms311ap |    0000085F  A$ms311ap
     00000861  A$ms311ap |    00000863  A$ms311ap |    00000865  A$ms311ap
     00000867  A$ms311ap |    00000869  A$ms311ap |    0000086B  A$ms311ap
     0000086D  A$ms311ap |    0000086F  A$ms311ap |    00000871  A$ms311ap
     00000873  A$ms311ap |    00000875  A$ms311ap |    00000877  A$ms311ap
     00000879  A$ms311ap |    0000087B  A$ms311ap |    0000087D  A$ms311ap
     0000087F  A$ms311ap |    00000881  A$ms311ap |    00000883  A$ms311ap
     00000885  A$ms311ap |    00000887  A$ms311ap |    00000889  A$ms311ap
     0000088A  A$ms311ap |    0000088C  A$ms311ap |    0000088E  A$ms311ap
     00000890  A$ms311ap |    00000892  A$ms311ap |    00000894  A$ms311ap
     00000896  A$ms311ap |    00000898  A$ms311ap |    0000089A  A$ms311ap
     0000089C  A$ms311ap |    0000089D  A$ms311ap |    0000089F  A$ms311ap
     000008A1  A$ms311ap |    000008A2  A$ms311ap |    000008A3  A$ms311ap
     000008A5  A$ms311ap |    000008A7  A$ms311ap |    000008A9  A$ms311ap
     000008AA  A$ms311ap |    000008AC  A$ms311ap |    000008AE  A$ms311ap
     000008B0  A$ms311ap |    000008B2  A$ms311ap |    000008B4  A$ms311ap
     000008B6  A$ms311ap |    000008B8  A$ms311ap |    000008B9  A$ms311ap
     000008BB  A$ms311ap |    000008BD  A$ms311ap |    000008BE  A$ms311ap
     000008C0  A$ms311ap |    000008C1  A$ms311ap |    000008C3  A$ms311ap
     000008C5  A$ms311ap |    000008C7  A$ms311ap |    000008C8  A$ms311ap
     000008CA  A$ms311ap |    000008CC  A$ms311ap |    000008CD  A$ms311ap
     000008CF  A$ms311ap |    000008D1  A$ms311ap |    000008D3  A$ms311ap
     000008D5  A$ms311ap |    000008D7  A$ms311ap |    000008D8  A$ms311ap
     000008DA  A$ms311ap |    000008DC  A$ms311ap |    000008DE  A$ms311ap
     000008E0  A$ms311ap |    000008E2  A$ms311ap |    000008E4  A$ms311ap
     000008E6  A$ms311ap |    000008E8  A$ms311ap |    000008EA  A$ms311ap
     000008EC  A$ms311ap |    000008EE  A$ms311ap |    000008F0  A$ms311ap
     000008F2  A$ms311ap |    000008F4  A$ms311ap |    000008F6  A$ms311ap
     000008F8  A$ms311ap |    000008F9  A$ms311ap |    000008FB  A$ms311ap
     000008FD  A$ms311ap |    000008FF  A$ms311ap |    00000901  A$ms311ap
     00000903  A$ms311ap |    00000905  A$ms311ap |    00000907  A$ms311ap
ASxxxx Linker V03.00 + NoICE + sdld,  page 15.
Hexadecimal  [32-Bits]

Area                       Addr        Size        Decimal Bytes (Attributes)
--------------------       ----        ----        ------- ----- ------------
CSEG                   000003DD    000005C0 =        1472. bytes (REL,CON,CODE,ROM)

        Value  Global            Value  Global            Value  Global    
        -----  ------            -----  ------            -----  ------    
     00000909  A$ms311ap |    0000090B  A$ms311ap |    0000090D  A$ms311ap
     0000090F  A$ms311ap |    00000911  A$ms311ap |    00000913  A$ms311ap
     00000915  A$ms311ap |    00000917  A$ms311ap |    00000919  A$ms311ap
     0000091A  A$ms311ap |    0000091B  A$ms311ap |    0000091D  A$ms311ap
     0000091F  A$ms311ap |    00000921  A$ms311ap |    00000923  A$ms311ap
     00000925  A$ms311ap |    00000926  A$clearfr |    00000926  _api_clea
     00000928  A$clearfr |    0000092A  A$clearfr |    0000092C  A$clearfr
     0000092E  A$clearfr |    0000092F  A$clearfr |    00000930  A$clearfr
     00000932  A$clearfr |    00000934  A$clearfr |    00000935  A$api_u2l
     00000935  _api_u2l_ |    00000937  A$api_u2l |    00000938  A$api_u2l
     00000939  A$api_u2l |    0000093A  A$api_u2l |    0000093B  A$api_u2l
     0000093C  A$api_u2l |    0000093D  A$api_u2l |    0000093F  A$api_u2l
     00000941  A$api_u2l |    00000943  A$api_u2l |    00000945  A$api_u2l
     00000947  A$api_u2l |    00000949  A$api_u2l |    0000094B  A$api_u2l
     0000094D  A$api_u2l |    0000094E  A$api_u2l |    00000950  A$api_u2l
     00000952  A$api_u2l |    00000954  A$api_u2l |    00000955  A$api_u2l
     00000956  A$api_u2l |    00000958  A$api_u2l |    00000959  A$api_u2l
     0000095B  A$api_u2l |    0000095D  A$api_u2l |    0000095E  A$api_u2l
     00000960  A$api_u2l |    00000962  A$api_u2l |    00000964  A$api_u2l
     00000966  A$api_u2l |    00000968  A$api_u2l |    0000096A  A$api_u2l
     0000096B  A$api_u2l |    0000096D  A$api_u2l |    0000096F  A$api_u2l
     00000970  A$api_u2l |    00000971  A$api_u2l |    00000973  A$api_u2l
     00000975  A$api_u2l |    00000976  A$api_u2l |    00000978  A$api_u2l
     00000979  A$api_u2l |    0000097B  A$api_u2l |    0000097D  A$api_u2l
     0000097E  A$api_u2l |    0000097F  A$api_u2l |    00000981  A$api_u2l
     00000983  A$api_u2l |    00000985  A$api_u2l |    00000986  A$api_u2l
     00000988  A$api_u2l |    0000098A  A$api_u2l |    0000098C  A$api_u2l
     0000098E  A$api_u2l |    00000990  A$api_u2l |    00000992  A$api_u2l
     00000994  A$api_u2l |    00000995  A$api_u2l |    00000996  A$api_u2l
     00000997  A$api_u2l |    00000998  A$api_u2l |    00000999  A$api_u2l
     0000099B  A$api_u2l |    0000099C  A$api_u2l
ASxxxx Linker V03.00 + NoICE + sdld,  page 16.
Hexadecimal  [32-Bits]

Area                       Addr        Size        Decimal Bytes (Attributes)
--------------------       ----        ----        ------- ----- ------------
SEGC                   0000099D    00000204 =         516. bytes (REL,CON,CODE,ROM)

        Value  Global            Value  Global            Value  Global    
        -----  ------            -----  ------            -----  ------    
     0000099D  _ms311_ne |    000009A1  _u2l_low  |    00000AA1  _u2l_high
ASxxxx Linker V03.00 + NoICE + sdld,  page 17.

Files Linked                              [ module(s) ]

demoamprec                                [ demoamprec ]


Libraries Linked                          [ object file ]

x:\share\sdcc\lib\MS322\ms311sdcc.lib     [ ms311sfr ]
x:\share\sdcc\lib\MS322\ms311sph.lib      [ api_amp ]
x:\share\sdcc\lib\MS322\ms311sph.lib      [ dc_cancel ]
x:\share\sdcc\lib\MS322\ms311sdcc.lib     [ _ms311_cstartup ]
x:\share\sdcc\lib\MS322\ms311sph.lib      [ api_play_job ]
x:\share\sdcc\lib\MS322\ms311sph.lib      [ apivar ]
x:\share\sdcc\lib\MS322\ms311sph.lib      [ rec_job1 ]
x:\share\sdcc\lib\MS322\ms311sph.lib      [ api_timer ]
x:\share\sdcc\lib\MS322\ms311sph.lib      [ api_amp_rec ]
x:\share\sdcc\lib\MS322\ms311sph.lib      [ api_stdbymode ]
x:\share\sdcc\lib\MS322\ms311sph.lib      [ u2ltab ]
x:\share\sdcc\lib\MS322\ms311sdcc.lib     [ _sp_dec ]
x:\share\sdcc\lib\MS322\ms311sph.lib      [ api_set_vol ]
x:\share\sdcc\lib\MS322\ms311sph.lib      [ api_dsleepmode ]
x:\share\sdcc\lib\MS322\ms311sph.lib      [ api_b12_page ]
x:\share\sdcc\lib\MS322\ms311sdcc.lib     [ _sp_inc ]
x:\share\sdcc\lib\MS322\ms311sph.lib      [ ms311apipla ]
x:\share\sdcc\lib\MS322\ms311sph.lib      [ clearfram ]
x:\share\sdcc\lib\MS322\ms311sph.lib      [ api_u2l_page ]


